// Jest Snapshot v1, https://goo.gl/fbAQLP

exports[`ActionBar 1`] = `
<View
  accessibilityState={
    {
      "busy": undefined,
      "checked": undefined,
      "disabled": undefined,
      "expanded": undefined,
      "selected": undefined,
    }
  }
  accessibilityValue={
    {
      "max": undefined,
      "min": undefined,
      "now": undefined,
      "text": undefined,
    }
  }
  accessible={true}
  collapsable={false}
  focusable={true}
  onClick={[Function]}
  onResponderGrant={[Function]}
  onResponderMove={[Function]}
  onResponderRelease={[Function]}
  onResponderTerminate={[Function]}
  onResponderTerminationRequest={[Function]}
  onStartShouldSetResponder={[Function]}
  style={
    {
      "alignItems": "center",
      "backgroundColor": "rgb(10,245,61)",
      "display": "flex",
      "height": 40,
      "justifyContent": "center",
      "opacity": 1,
      "paddingBottom": 10,
      "paddingLeft": 15,
      "paddingRight": 15,
      "paddingTop": 10,
    }
  }
>
  <Text
    style={
      {
        "color": "#ffffff",
        "fontSize": 14,
        "fontWeight": "700",
      }
    }
  >
    <Text>
      Default Button
    </Text>
  </Text>
</View>
`;
