// Jest Snapshot v1, https://goo.gl/fbAQLP

exports[`Card 1`] = `
<View
  style={
    {
      "alignItems": "center",
      "flexDirection": "row",
      "marginBottom": 15,
      "width": "100%",
    }
  }
>
  <View
    style={
      {
        "alignItems": "center",
        "marginRight": 15,
        "paddingBottom": 5,
      }
    }
  >
    <Text
      style={
        {
          "color": "#666666",
          "fontSize": 42,
          "fontWeight": "900",
        }
      }
    >
      25
    </Text>
    <Text
      style={
        {
          "color": "#666666",
          "fontSize": 22,
          "fontWeight": "700",
        }
      }
    >
      ABR
    </Text>
  </View>
  <View
    style={
      {
        "borderColor": "#ddd",
        "borderStyle": "solid",
        "borderWidth": 1,
        "flexBasis": 0,
        "flexDirection": "row",
        "flexGrow": 1,
        "flexShrink": 1,
        "justifyContent": "space-between",
        "paddingBottom": 15,
        "paddingLeft": 15,
        "paddingRight": 15,
        "paddingTop": 15,
      }
    }
  >
    <View
      style={{}}
    >
      <View
        color="success"
        rounded={false}
        style={
          {
            "alignSelf": "flex-start",
            "backgroundColor": "green",
            "borderBottomLeftRadius": 0,
            "borderBottomRightRadius": 0,
            "borderTopLeftRadius": 0,
            "borderTopRightRadius": 0,
            "flexDirection": "row",
            "paddingBottom": 5,
            "paddingLeft": 10,
            "paddingRight": 10,
            "paddingTop": 5,
          }
        }
      >
        <Text
          style={
            {
              "color": "#ffffff",
              "fontSize": 12,
              "fontWeight": "700",
            }
          }
        >
          Pago
        </Text>
      </View>
      <Text
        style={
          {
            "color": "#111111",
            "fontSize": 16,
            "fontWeight": "700",
            "marginBottom": 5,
            "marginLeft": 0,
            "marginRight": 0,
            "marginTop": 10,
          }
        }
      >
        Notebook LG 32GB - i7 / RTX 3070
      </Text>
      <Text
        style={{}}
      >
        R$10,000.00
      </Text>
    </View>
    <View
      accessibilityState={
        {
          "busy": undefined,
          "checked": undefined,
          "disabled": undefined,
          "expanded": undefined,
          "selected": undefined,
        }
      }
      accessibilityValue={
        {
          "max": undefined,
          "min": undefined,
          "now": undefined,
          "text": undefined,
        }
      }
      accessible={true}
      collapsable={false}
      focusable={false}
      onClick={[Function]}
      onResponderGrant={[Function]}
      onResponderMove={[Function]}
      onResponderRelease={[Function]}
      onResponderTerminate={[Function]}
      onResponderTerminationRequest={[Function]}
      onStartShouldSetResponder={[Function]}
      style={
        {
          "opacity": 1,
        }
      }
    >
      <Text />
    </View>
  </View>
</View>
`;
