// Jest Snapshot v1, https://goo.gl/fbAQLP

exports[`PriceResume 1`] = `
<View
  style={{}}
>
  <Text
    style={
      {
        "color": "#111111",
        "fontSize": 16,
        "fontWeight": "700",
      }
    }
  >
    label
  </Text>
  <Text
    style={
      {
        "color": "#666666",
        "marginTop": 2,
      }
    }
  >
    description
  </Text>
</View>
`;
